// Jest Snapshot v1, https://goo.gl/fbAQLP

exports[`Formik renders Formik correctly 1`] = `
<form
  onSubmit={[Function]}
>
  <input
    name="name"
    onBlur={[Function]}
    onChange={[Function]}
    type="text"
    value="jared"
  />
  <button
    type="submit"
  >
    Submit
  </button>
</form>
`;
